namespace urn:rpg
{
  include "rpg_graphics_incl.h";

  RPG_Graphics_Category_Type             RPG_Graphics_Category;
  RPG_Graphics_Orientation_Type          RPG_Graphics_Orientation;
  RPG_Graphics_TileType_Type             RPG_Graphics_TileType;
  RPG_Graphics_FloorStyle_Type           RPG_Graphics_FloorStyle;
  RPG_Graphics_StairsStyle_Type          RPG_Graphics_StairsStyle;
  RPG_Graphics_WallStyle_Type            RPG_Graphics_WallStyle;
  RPG_Graphics_EdgeStyle_Type            RPG_Graphics_EdgeStyle;
  RPG_Graphics_DoorStyle_Type            RPG_Graphics_DoorStyle;
  RPG_Graphics_Cursor_Type               RPG_Graphics_Cursor;
  RPG_Graphics_Font_Type                 RPG_Graphics_Font;
  RPG_Graphics_Image_Type                RPG_Graphics_Image;
  RPG_Graphics_Sprite_Type               RPG_Graphics_Sprite;
  RPG_Graphics_TileGraphic_Type          RPG_Graphics_TileGraphic;
  RPG_Graphics_TileSetGraphic_Type       RPG_Graphics_TileSetGraphic;
  RPG_Graphics_GraphicTypeUnion_Type     RPG_Graphics_GraphicTypeUnion;
  RPG_Graphics_StyleUnion_Type           RPG_Graphics_StyleUnion;
  RPG_Graphics_WindowType_Type           RPG_Graphics_WindowType;
  RPG_Graphics_InterfaceElementType_Type RPG_Graphics_InterfaceElementType;
  RPG_Graphics_HotspotType_Type          RPG_Graphics_HotspotType;
  RPG_Graphics_ElementTypeUnion_Type     RPG_Graphics_ElementTypeUnion;
  RPG_Graphics_Element_Type              RPG_Graphics_Element;
  RPG_Graphics_Tile_Type                 RPG_Graphics_Tile;
  RPG_Graphics_TileSetType_Type          RPG_Graphics_TileSetType;
  RPG_Graphics_TileSet_Type              RPG_Graphics_TileSet;
  RPG_Graphics_Graphic_Type              RPG_Graphics_Graphic;
#  RPG_Graphics_Dictionary_Type          RPG_Graphics_Dictionary;
  RPG_Graphics_ColorName_Type            RPG_Graphics_ColorName;
  RPG_Graphics_ColorRGBA_Type            RPG_Graphics_ColorRGBA;
}
