namespace urn:rpg
{
  include "rpg_dice_incl.h";
  include "rpg_common_incl.h";
  include "rpg_common_environment_incl.h";
  include "rpg_character_incl.h";
  include "rpg_magic_incl.h";

  include "rpg_combat_incl.h";

  RPG_Dice_Roll_Type                       RPG_Dice_Roll;

  RPG_Common_Attribute_Type                RPG_Common_Attribute;
  RPG_Common_Condition_Type                RPG_Common_Condition;
  RPG_Common_Size_Type                     RPG_Common_Size;
  RPG_Common_Skill_Type                    RPG_Common_Skill;
  RPG_Common_PhysicalDamageType_Type       RPG_Common_PhysicalDamageType;
  RPG_Common_AreaOfEffect_Type             RPG_Common_AreaOfEffect;
  RPG_Common_EffectType_Type               RPG_Common_EffectType;
  RPG_Common_CounterMeasure_Type           RPG_Common_CounterMeasure;
  RPG_Common_SavingThrowCheck_Type         RPG_Common_SavingThrowCheck;

  RPG_Magic_Spell_Type                     RPG_Magic_Spell;

  RPG_Combat_AttackForm_Type               RPG_Combat_AttackForm;
  RPG_Combat_RangedEffectUnion_Type        RPG_Combat_RangedEffectUnion;
  RPG_Combat_RangedAttackProperties_Type   RPG_Combat_RangedAttackProperties;
  RPG_Combat_AttackSituation_Type          RPG_Combat_AttackSituation;
  RPG_Combat_DefenseSituation_Type         RPG_Combat_DefenseSituation;
  RPG_Combat_SpecialAttack_Type            RPG_Combat_SpecialAttack;
  RPG_Combat_SpecialDamageType_Type        RPG_Combat_SpecialDamageType;
  RPG_Combat_DamageTypeUnion_Type          RPG_Combat_DamageTypeUnion;
  RPG_Combat_DamageDuration_Type           RPG_Combat_DamageDuration;
  RPG_Combat_OtherDamageType_Type          RPG_Combat_OtherDamageType;
  RPG_Combat_OtherDamage_Type              RPG_Combat_OtherDamage;
  RPG_Combat_CheckTypeUnion_Type           RPG_Combat_CheckTypeUnion;
  RPG_Combat_Check_Type                    RPG_Combat_Check;
  RPG_Combat_DamageReductionType_Type      RPG_Combat_DamageReductionType;
  RPG_Combat_DamageCounterMeasure_Type     RPG_Combat_DamageCounterMeasure;
  RPG_Combat_DamageElement_Type            RPG_Combat_DamageElement;
  RPG_Combat_Damage_Type                   RPG_Combat_Damage;
}
