namespace urn:rpg
{
  include <rpg_character_size.h>;
  include "rpg_combat_incl.h";

  include <rpg_dice_incl.h>;
  include <rpg_common_incl.h>;

  include <rpg_magic_school.h>;
  include <rpg_item_incl.h>;

  RPG_Dice_Roll_Type                     RPG_Dice_Roll;

  RPG_Common_Attribute_Type              RPG_Common_Attribute;
  RPG_Common_SavingThrowModifier_Type    RPG_Common_SavingThrowModifier;

  RPG_Item_PhysicalDamageType_Type       RPG_Item_PhysicalDamageType;

  RPG_Character_Size_Type                RPG_Character_Size;

  RPG_Combat_AttackForm_Type             RPG_Combat_AttackForm;
  RPG_Combat_AreaOfEffect_Type           RPG_Combat_AreaOfEffect;
  RPG_Combat_RangedEffectUnion_Type      RPG_Combat_RangedEffectUnion;
  RPG_Combat_RangedAttackProperties_Type RPG_Combat_RangedAttackProperties;
  RPG_Combat_AttackSituation_Type        RPG_Combat_AttackSituation;
  RPG_Combat_DefenseSituation_Type       RPG_Combat_DefenseSituation;
  RPG_Combat_SpecialAttack_Type          RPG_Combat_SpecialAttack;
  RPG_Combat_SpecialDamageType_Type      RPG_Combat_SpecialDamageType;
  RPG_Combat_DamageTypeUnion_Type        RPG_Combat_DamageTypeUnion;
  RPG_Combat_DamageDuration_Type         RPG_Combat_DamageDuration;
  RPG_Combat_DamageBonusType_Type        RPG_Combat_DamageBonusType;
  RPG_Combat_DamageBonus_Type            RPG_Combat_DamageBonus;
  RPG_Combat_DamageEffectType_Type       RPG_Combat_DamageEffectType;
  RPG_Combat_DamageElement_Type          RPG_Combat_DamageElement;
  RPG_Combat_Damage_Type                 RPG_Combat_Damage;
}
