namespace urn:rpg
{
  include "rpg_dice_incl.h";
  include "rpg_common_incl.h";

  RPG_Dice_Roll_Type                 RPG_Dice_Roll;

# common types
  RPG_Common_CreatureMetaType_Type   RPG_Common_CreatureMetaType;
  RPG_Common_CreatureSubType_Type    RPG_Common_CreatureSubType;
  RPG_Common_CreatureType_Type       RPG_Common_CreatureType;
  RPG_Common_SubClass_Type           RPG_Common_SubClass;
  RPG_Common_Attribute_Type          RPG_Common_Attribute;
  RPG_Common_Size_Type               RPG_Common_Size;
  RPG_Common_Condition_Type          RPG_Common_Condition;
  RPG_Common_Skill_Type              RPG_Common_Skill;
  RPG_Common_PhysicalDamageType_Type RPG_Common_PhysicalDamageType;
  RPG_Common_ActionType_Type         RPG_Common_ActionType;
  RPG_Common_AreaOfEffect_Type       RPG_Common_AreaOfEffect;
  RPG_Common_EffectType_Type         RPG_Common_EffectType;
  RPG_Common_CounterMeasure_Type     RPG_Common_CounterMeasure;
  RPG_Common_CheckType_Type          RPG_Common_CheckType;
  RPG_Common_SavingThrow_Type        RPG_Common_SavingThrow;
  RPG_Common_BaseCheckTypeUnion_Type RPG_Common_BaseCheckTypeUnion;
  RPG_Common_SaveReductionType_Type  RPG_Common_SaveReductionType;
  RPG_Common_SavingThrowCheck_Type   RPG_Common_SavingThrowCheck;
  RPG_Common_Amount_Type             RPG_Common_Amount;
  RPG_Common_Usage_Type              RPG_Common_Usage;
  RPG_Common_FixedPeriod_Type        RPG_Common_FixedPeriod;
  RPG_Common_Duration_Type           RPG_Common_Duration;
  RPG_Common_EffectDuration_Type     RPG_Common_EffectDuration;
  RPG_Common_Camp_Type               RPG_Common_Camp;

# environment types
  RPG_Common_Plane_Type              RPG_Common_Plane;
  RPG_Common_Terrain_Type            RPG_Common_Terrain;
  RPG_Common_Climate_Type            RPG_Common_Climate;
  RPG_Common_Environment_Type        RPG_Common_Environment;
}
