namespace urn:rpg
{
  include "rpg_item_incl.h";
  include "rpg_item_common.h";

  include "rpg_dice_incl.h";
  include "rpg_common_incl.h";
  include "rpg_common_environment_incl.h";
  include "rpg_character_incl.h";
  include "rpg_magic_incl.h";

  RPG_Item_Type_Type                     RPG_Item_Type;
  RPG_Item_CommodityType_Type            RPG_Item_CommodityType;
  RPG_Item_CommodityBeverage_Type        RPG_Item_CommodityBeverage;
  RPG_Item_CommodityLight_Type           RPG_Item_CommodityLight;
  RPG_Item_CommodityUnion_Type           RPG_Item_CommodityUnion;

  RPG_Item_Money_Type                    RPG_Item_Money;

  RPG_Item_WeaponCategory_Type           RPG_Item_WeaponCategory;
  RPG_Item_WeaponClass_Type              RPG_Item_WeaponClass;
  RPG_Item_WeaponType_Type               RPG_Item_WeaponType;

  RPG_Item_StorePrice_Type               RPG_Item_StorePrice;

  RPG_Item_CriticalHitProperties_Type    RPG_Item_CriticalHitProperties;
  RPG_Item_CreationCost_Type             RPG_Item_CreationCost;

  RPG_Item_BaseProperties_Type           RPG_Item_BaseProperties;
  RPG_Magic_School_Type                  RPG_Magic_School;
  RPG_Item_MagicalPrerequisites_Type     RPG_Item_MagicalPrerequisites;
  RPG_Item_PropertiesBase_Type           RPG_Item_PropertiesBase;

  RPG_Item_CommodityPropertiesBase_Type  RPG_Item_CommodityPropertiesBase;

  RPG_Dice_Roll_Type                     RPG_Item_Damage;
  RPG_Common_PhysicalDamageType_Type     RPG_Common_PhysicalDamageType;
  RPG_Item_WeaponPropertiesBase_Type     RPG_Item_WeaponPropertiesBase;
  RPG_Item_WeaponPropertiesXML_Type      RPG_Item_WeaponPropertiesXML;

  RPG_Item_ArmorCategory_Type            RPG_Item_ArmorCategory;
  RPG_Item_ArmorType_Type                RPG_Item_ArmorType;

  RPG_Item_ArmorPropertiesBase_Type      RPG_Item_ArmorPropertiesBase;
  RPG_Item_ArmorPropertiesXML_Type       RPG_Item_ArmorPropertiesXML;

#  RPG_Item_XML_Type                      RPG_Item_XML;
#  RPG_Item_InventoryXML_Type             RPG_Item_InventoryXML;

#  RPG_Item_DictionaryXML_Type            RPG_Item_DictionaryXML;
}
